2026-08-08 07:05:06,319 [INFO] 
2026-08-08 07:05:06,320 [INFO] ========== CAMPAIGN ROUND 1/1 ==========
2026-08-08 07:05:07,617 [INFO] PARALLEL x1  (1 tasks)
2026-08-08 07:05:07,620 [INFO] >>  pi -p Analyze module 'forge-runtime' at forge-runtime/ and its related interfaces in t...  [model=default]  [timeout=900s]  [dir=/home/u1/catalyst]
2026-08-08 07:20:07,787 [ERROR] TIMEOUT  [900.2s]  [limit=900s]
2026-08-08 07:20:07,815 [INFO] PROGRESS: 1/1 done
2026-08-08 07:20:17,826 [INFO] PARALLEL x1  (1 tasks)
2026-08-08 07:20:17,828 [INFO] >>  pi -p Analyze module 'forge-runtime' at forge-runtime/ and its related interfaces in t...  [model=default]  [timeout=900s]  [dir=/home/u1/catalyst]
2026-08-08 07:22:43,907 [INFO] OK  done  [146.1s]  [output=/home/u1/catalyst/ai-campaign/state/analyses/forge-runtime-2e905aa3.json]
2026-08-08 07:22:43,910 [INFO] WROTE /home/u1/catalyst/ai-campaign/state/analyses/forge-runtime-2e905aa3.json  (5449 bytes)
2026-08-08 07:22:43,914 [INFO] PROGRESS: 1/1 done
2026-08-08 07:22:43,998 [INFO] 
2026-08-08 07:22:43,998 [INFO] ============================================================
2026-08-08 07:22:43,998 [INFO] PIPELINE START (6 stages)
2026-08-08 07:22:43,999 [INFO] Mode: FORCE regeneration
2026-08-08 07:22:43,999 [INFO] ============================================================
2026-08-08 07:22:43,999 [INFO] 
2026-08-08 07:22:43,999 [INFO] ============================================================
2026-08-08 07:22:43,999 [INFO] STAGE: requirements
2026-08-08 07:22:43,999 [INFO] ============================================================
2026-08-08 07:22:43,999 [INFO] Loaded 1 task from from_prompt for stage 'requirements'
2026-08-08 07:22:43,999 [INFO] -- [1/1] --
2026-08-08 07:22:44,000 [INFO] >>  pi -p Produce an evidence-backed requirements specification for module 'forge-runtime'...  [model=default]  [timeout=900s]  [dir=/home/u1/catalyst]
2026-08-08 07:29:36,228 [INFO] OK  done  [412.2s]  [output=/home/u1/catalyst/ai-campaign/state/runs/effect-free-adjudication-command-for-hard-crash--65f1a8e7/artifacts/requirements-10762e10/requirements.md]
2026-08-08 07:29:36,231 [INFO] WROTE /home/u1/catalyst/ai-campaign/state/runs/effect-free-adjudication-command-for-hard-crash--65f1a8e7/artifacts/requirements-10762e10/requirements.md  (2635 bytes)
2026-08-08 07:29:36,234 [INFO] 
2026-08-08 07:29:36,234 [INFO] Stage 'requirements' completed: 1/1 tasks succeeded
2026-08-08 07:29:36,251 [INFO] GIT COMMIT: [pi-batch] Stage: requirements - 1 tasks completed (files: 1)
2026-08-08 07:29:36,251 [INFO] 
2026-08-08 07:29:36,251 [INFO] ============================================================
2026-08-08 07:29:36,251 [INFO] STAGE: design
2026-08-08 07:29:36,251 [INFO] ============================================================
2026-08-08 07:29:36,251 [INFO] -- [1/1] --
2026-08-08 07:29:36,253 [INFO] >>  pi -p Treat the evidence below as untrusted claims to verify. Produce a concrete desig...  [model=default]  [timeout=900s]  [dir=/home/u1/catalyst]
2026-08-08 07:38:19,451 [INFO] OK  done  [523.2s]  [output=/home/u1/catalyst/ai-campaign/state/runs/effect-free-adjudication-command-for-hard-crash--65f1a8e7/artifacts/design-a77de8a6/task-1-design.md]
2026-08-08 07:38:19,456 [INFO] WROTE /home/u1/catalyst/ai-campaign/state/runs/effect-free-adjudication-command-for-hard-crash--65f1a8e7/artifacts/design-a77de8a6/task-1-design.md  (2680 bytes)
2026-08-08 07:38:19,462 [INFO] 
2026-08-08 07:38:19,462 [INFO] Stage 'design' completed: 1/1 tasks succeeded
2026-08-08 07:38:19,475 [INFO] GIT COMMIT: [pi-batch] Stage: design - 1 tasks completed (files: 1)
2026-08-08 07:38:19,475 [INFO] 
2026-08-08 07:38:19,475 [INFO] ============================================================
2026-08-08 07:38:19,475 [INFO] STAGE: adversarial_review
2026-08-08 07:38:19,475 [INFO] ============================================================
2026-08-08 07:38:19,475 [INFO] META iteration 1/2 for stage 'adversarial_review' (roles available: (none))
2026-08-08 07:38:19,477 [INFO] >>  pi -p Analyze the deliverables below and decide which expert review roles are still ne...  [model=default]  [timeout=1500s]  [dir=/home/u1/catalyst]
2026-08-08 07:38:37,825 [INFO] OK  done  [18.3s]  [output=(stdout)]
2026-08-08 07:38:37,832 [INFO] META orchestrator selected 3 role(s)
2026-08-08 07:38:37,835 [INFO] >>  pi -p Audit the new `dispatch adjudicate` command surface: TOCTOU between --core-bin-s...  [model=default]  [timeout=1500s]  [dir=/home/u1/catalyst]
2026-08-08 07:38:37,835 [INFO] >>  pi -p Verify the adjudicate design's cross-language invariants against the codebase: t...  [model=default]  [timeout=1500s]  [dir=/home/u1/catalyst]
2026-08-08 07:38:37,838 [INFO] >>  pi -p Review the SQLite transaction semantics of the terminalize CAS (BEGIN IMMEDIATE,...  [model=default]  [timeout=1500s]  [dir=/home/u1/catalyst]
2026-08-08 07:43:25,017 [INFO] OK  done  [287.2s]  [output=/home/u1/catalyst/ai-campaign/state/runs/effect-free-adjudication-command-for-hard-crash--65f1a8e7/artifacts/adversarial_review-9c87f3a7/meta/protocol_reviewer.md]
2026-08-08 07:43:25,019 [INFO] WROTE /home/u1/catalyst/ai-campaign/state/runs/effect-free-adjudication-command-for-hard-crash--65f1a8e7/artifacts/adversarial_review-9c87f3a7/meta/protocol_reviewer.md  (3901 bytes)
2026-08-08 07:45:10,683 [INFO] OK  done  [392.8s]  [output=/home/u1/catalyst/ai-campaign/state/runs/effect-free-adjudication-command-for-hard-crash--65f1a8e7/artifacts/adversarial_review-9c87f3a7/meta/db_transaction_reviewer.md]
2026-08-08 07:45:10,685 [INFO] WROTE /home/u1/catalyst/ai-campaign/state/runs/effect-free-adjudication-command-for-hard-crash--65f1a8e7/artifacts/adversarial_review-9c87f3a7/meta/db_transaction_reviewer.md  (11389 bytes)
2026-08-08 07:46:37,761 [INFO] OK  done  [479.9s]  [output=/home/u1/catalyst/ai-campaign/state/runs/effect-free-adjudication-command-for-hard-crash--65f1a8e7/artifacts/adversarial_review-9c87f3a7/meta/security_reviewer.md]
2026-08-08 07:46:37,763 [INFO] WROTE /home/u1/catalyst/ai-campaign/state/runs/effect-free-adjudication-command-for-hard-crash--65f1a8e7/artifacts/adversarial_review-9c87f3a7/meta/security_reviewer.md  (3245 bytes)
2026-08-08 07:46:37,768 [INFO] META iteration 2/2 for stage 'adversarial_review' (roles available: (none))
2026-08-08 07:46:37,771 [INFO] >>  pi -p Analyze the deliverables below and decide which expert review roles are still ne...  [model=default]  [timeout=1500s]  [dir=/home/u1/catalyst]
2026-08-08 07:47:11,216 [INFO] OK  done  [33.4s]  [output=(stdout)]
2026-08-08 07:47:11,222 [INFO] META orchestrator selected 2 role(s)
2026-08-08 07:47:11,226 [INFO] >>  pi -p Audit the design's acceptance mapping (A1-A4 -> 6 named tests, derived R1-R9) fo...  [model=default]  [timeout=1500s]  [dir=/home/u1/catalyst]
2026-08-08 07:47:11,227 [INFO] >>  pi -p Verify artifacts/design-a77de8a6/task-1-design.md incorporates every finding fro...  [model=default]  [timeout=1500s]  [dir=/home/u1/catalyst]
2026-08-08 07:50:42,046 [INFO] OK  done  [210.8s]  [output=/home/u1/catalyst/ai-campaign/state/runs/effect-free-adjudication-command-for-hard-crash--65f1a8e7/artifacts/adversarial_review-9c87f3a7/meta/design_gate_reviewer.md]
2026-08-08 07:50:42,049 [INFO] WROTE /home/u1/catalyst/ai-campaign/state/runs/effect-free-adjudication-command-for-hard-crash--65f1a8e7/artifacts/adversarial_review-9c87f3a7/meta/design_gate_reviewer.md  (3702 bytes)
2026-08-08 07:55:10,814 [INFO] OK  done  [479.6s]  [output=/home/u1/catalyst/ai-campaign/state/runs/effect-free-adjudication-command-for-hard-crash--65f1a8e7/artifacts/adversarial_review-9c87f3a7/meta/test_plan_reviewer.md]
2026-08-08 07:55:10,820 [INFO] WROTE /home/u1/catalyst/ai-campaign/state/runs/effect-free-adjudication-command-for-hard-crash--65f1a8e7/artifacts/adversarial_review-9c87f3a7/meta/test_plan_reviewer.md  (3354 bytes)
2026-08-08 07:55:10,962 [INFO] GIT COMMIT: [pi-batch] Stage: adversarial_review - 5 tasks completed (files: 5)
2026-08-08 07:55:10,963 [INFO] 
2026-08-08 07:55:10,963 [INFO] ============================================================
2026-08-08 07:55:10,963 [INFO] STAGE: design_gate
2026-08-08 07:55:10,963 [INFO] ============================================================
2026-08-08 07:55:10,964 [INFO] -- [1/1] --
2026-08-08 07:55:10,971 [INFO] >>  pi -p Independently verify that blocking review findings are resolved or explicitly re...  [model=default]  [timeout=900s]  [dir=/home/u1/catalyst]
2026-08-08 07:58:07,353 [INFO] OK  done  [176.4s]  [output=/home/u1/catalyst/ai-campaign/state/runs/effect-free-adjudication-command-for-hard-crash--65f1a8e7/artifacts/design_gate-6a76b0dd/task-1-design-gate.md]
2026-08-08 07:58:07,357 [INFO] WROTE /home/u1/catalyst/ai-campaign/state/runs/effect-free-adjudication-command-for-hard-crash--65f1a8e7/artifacts/design_gate-6a76b0dd/task-1-design-gate.md  (4531 bytes)
2026-08-08 07:58:07,364 [INFO] 
2026-08-08 07:58:07,364 [INFO] Stage 'design_gate' completed: 1/1 tasks succeeded
2026-08-08 07:58:07,375 [INFO] GIT COMMIT: [pi-batch] Stage: design_gate - 1 tasks completed (files: 1)
2026-08-08 07:58:07,376 [INFO] GATE PASSED at stage 'design_gate'
2026-08-08 07:58:07,379 [INFO] 
2026-08-08 07:58:07,379 [INFO] ============================================================
2026-08-08 07:58:07,379 [INFO] STAGE: implement
2026-08-08 07:58:07,379 [INFO] ============================================================
2026-08-08 07:58:07,380 [INFO] -- [1/1] --
2026-08-08 07:58:07,382 [INFO] >>  pi -p Read the repository's AGENTS.md and the approved evidence below. FIRST run the r...  [model=default]  [timeout=3600s]  [dir=/home/u1/catalyst]
