01:16:59 [INFO] 
01:16:59 [INFO] ========== CAMPAIGN ROUND 1/1 ==========
01:16:59 [INFO] PARALLEL x1  (1 tasks)
01:16:59 [INFO] >>  pi -p Analyze module 'forge-core' at forge-core/ and its related interfaces in the rep...  [model=default]  [timeout=900s]  [dir=/home/u1/catalyst]
01:19:12 [INFO] OK  done  [132.3s]  [output=/home/u1/catalyst/ai-campaign/state/analyses/forge-core-6b2cbb7d.json]
01:19:12 [INFO] WROTE /home/u1/catalyst/ai-campaign/state/analyses/forge-core-6b2cbb7d.json  (5475 bytes)
01:19:12 [INFO] PROGRESS: 1/1 done
01:19:12 [INFO] 
01:19:12 [INFO] ============================================================
01:19:12 [INFO] PIPELINE START (6 stages)
01:19:12 [INFO] Mode: FORCE regeneration
01:19:12 [INFO] ============================================================
01:19:12 [INFO] 
01:19:12 [INFO] ============================================================
01:19:12 [INFO] STAGE: requirements
01:19:12 [INFO] ============================================================
01:19:12 [INFO] Loaded 1 task from from_prompt for stage 'requirements'
01:19:12 [INFO] -- [1/1] --
01:19:12 [INFO] >>  pi -p Produce an evidence-backed requirements specification for module 'forge-core'. S...  [model=default]  [timeout=900s]  [dir=/home/u1/catalyst]
01:23:23 [INFO] OK  done  [251.0s]  [output=/home/u1/catalyst/ai-campaign/state/runs/bound-the-gate-harness-bridge-subprocesses-with--798f6166/artifacts/requirements-10762e10/requirements.md]
01:23:23 [INFO] WROTE /home/u1/catalyst/ai-campaign/state/runs/bound-the-gate-harness-bridge-subprocesses-with--798f6166/artifacts/requirements-10762e10/requirements.md  (2102 bytes)
01:23:23 [INFO] 
01:23:23 [INFO] Stage 'requirements' completed: 1/1 tasks succeeded
01:23:23 [INFO] GIT COMMIT: [pi-batch] Stage: requirements - 1 tasks completed (files: 1)
01:23:23 [INFO] 
01:23:23 [INFO] ============================================================
01:23:23 [INFO] STAGE: design
01:23:23 [INFO] ============================================================
01:23:23 [INFO] -- [1/1] --
01:23:23 [INFO] >>  pi -p Treat the evidence below as untrusted claims to verify. Produce a concrete desig...  [model=default]  [timeout=900s]  [dir=/home/u1/catalyst]
01:28:20 [INFO] OK  done  [297.6s]  [output=/home/u1/catalyst/ai-campaign/state/runs/bound-the-gate-harness-bridge-subprocesses-with--798f6166/artifacts/design-a77de8a6/task-1-design.md]
01:28:20 [INFO] WROTE /home/u1/catalyst/ai-campaign/state/runs/bound-the-gate-harness-bridge-subprocesses-with--798f6166/artifacts/design-a77de8a6/task-1-design.md  (3029 bytes)
01:28:20 [INFO] 
01:28:20 [INFO] Stage 'design' completed: 1/1 tasks succeeded
01:28:20 [INFO] GIT COMMIT: [pi-batch] Stage: design - 1 tasks completed (files: 1)
01:28:20 [INFO] 
01:28:20 [INFO] ============================================================
01:28:20 [INFO] STAGE: adversarial_review
01:28:20 [INFO] ============================================================
01:28:20 [INFO] META iteration 1/2 for stage 'adversarial_review' (roles available: (none))
01:28:20 [INFO] >>  pi -p Analyze the deliverables below and decide which expert review roles are still ne...  [model=default]  [timeout=1500s]  [dir=/home/u1/catalyst]
01:28:40 [INFO] OK  done  [19.4s]  [output=(stdout)]
01:28:40 [INFO] META orchestrator selected 3 role(s)
01:28:40 [INFO] >>  pi -p Verify the internal/execbound extraction against ForgeOS constraints: confirm th...  [model=default]  [timeout=1500s]  [dir=/home/u1/catalyst]
01:28:40 [INFO] >>  pi -p Review the acceptance mapping for determinism and assertion strength: 5s wall-cl...  [model=default]  [timeout=1500s]  [dir=/home/u1/catalyst]
01:28:40 [INFO] >>  pi -p Harden the subprocess-lifecycle design: process-group kill correctness on every ...  [model=default]  [timeout=1500s]  [dir=/home/u1/catalyst]
01:31:17 [INFO] OK  done  [156.9s]  [output=/home/u1/catalyst/ai-campaign/state/runs/bound-the-gate-harness-bridge-subprocesses-with--798f6166/artifacts/adversarial_review-9c87f3a7/meta/architecture_reviewer.md]
01:31:17 [INFO] WROTE /home/u1/catalyst/ai-campaign/state/runs/bound-the-gate-harness-bridge-subprocesses-with--798f6166/artifacts/adversarial_review-9c87f3a7/meta/architecture_reviewer.md  (6201 bytes)
01:34:20 [INFO] OK  done  [339.8s]  [output=/home/u1/catalyst/ai-campaign/state/runs/bound-the-gate-harness-bridge-subprocesses-with--798f6166/artifacts/adversarial_review-9c87f3a7/meta/testing_reviewer.md]
01:34:20 [INFO] WROTE /home/u1/catalyst/ai-campaign/state/runs/bound-the-gate-harness-bridge-subprocesses-with--798f6166/artifacts/adversarial_review-9c87f3a7/meta/testing_reviewer.md  (3053 bytes)
01:35:04 [INFO] OK  done  [384.3s]  [output=/home/u1/catalyst/ai-campaign/state/runs/bound-the-gate-harness-bridge-subprocesses-with--798f6166/artifacts/adversarial_review-9c87f3a7/meta/concurrency_reviewer.md]
01:35:04 [INFO] WROTE /home/u1/catalyst/ai-campaign/state/runs/bound-the-gate-harness-bridge-subprocesses-with--798f6166/artifacts/adversarial_review-9c87f3a7/meta/concurrency_reviewer.md  (2554 bytes)
01:35:04 [INFO] META iteration 2/2 for stage 'adversarial_review' (roles available: (none))
01:35:04 [INFO] >>  pi -p Analyze the deliverables below and decide which expert review roles are still ne...  [model=default]  [timeout=1500s]  [dir=/home/u1/catalyst]
01:35:55 [INFO] OK  done  [50.4s]  [output=(stdout)]
01:35:55 [INFO] META orchestrator selected 3 role(s)
01:35:55 [INFO] >>  pi -p Audit the trust surface of the subprocess-bounding design: strict fail-safe pars...  [model=default]  [timeout=1500s]  [dir=/home/u1/catalyst]
01:35:55 [INFO] >>  pi -p Consolidate pipeline-facing requirements into an acceptance-stage contract so th...  [model=default]  [timeout=1500s]  [dir=/home/u1/catalyst]
01:35:55 [INFO] >>  pi -p Produce the binding API contract the design artifact lacks (it is 18 lines): exa...  [model=default]  [timeout=1500s]  [dir=/home/u1/catalyst]
01:39:06 [INFO] OK  done  [191.9s]  [output=/home/u1/catalyst/ai-campaign/state/runs/bound-the-gate-harness-bridge-subprocesses-with--798f6166/artifacts/adversarial_review-9c87f3a7/meta/security_engineer.md]
01:39:06 [INFO] WROTE /home/u1/catalyst/ai-campaign/state/runs/bound-the-gate-harness-bridge-subprocesses-with--798f6166/artifacts/adversarial_review-9c87f3a7/meta/security_engineer.md  (2796 bytes)
01:40:27 [INFO] OK  done  [272.7s]  [output=/home/u1/catalyst/ai-campaign/state/runs/bound-the-gate-harness-bridge-subprocesses-with--798f6166/artifacts/adversarial_review-9c87f3a7/meta/ci_integration_reviewer.md]
01:40:27 [INFO] WROTE /home/u1/catalyst/ai-campaign/state/runs/bound-the-gate-harness-bridge-subprocesses-with--798f6166/artifacts/adversarial_review-9c87f3a7/meta/ci_integration_reviewer.md  (3218 bytes)
01:45:23 [INFO] OK  done  [568.0s]  [output=/home/u1/catalyst/ai-campaign/state/runs/bound-the-gate-harness-bridge-subprocesses-with--798f6166/artifacts/adversarial_review-9c87f3a7/meta/api_contract_reviewer.md]
01:45:23 [INFO] WROTE /home/u1/catalyst/ai-campaign/state/runs/bound-the-gate-harness-bridge-subprocesses-with--798f6166/artifacts/adversarial_review-9c87f3a7/meta/api_contract_reviewer.md  (2162 bytes)
01:45:23 [INFO] GIT COMMIT: [pi-batch] Stage: adversarial_review - 6 tasks completed (files: 6)
01:45:23 [INFO] 
01:45:23 [INFO] ============================================================
01:45:23 [INFO] STAGE: design_gate
01:45:23 [INFO] ============================================================
01:45:23 [INFO] -- [1/1] --
01:45:23 [INFO] >>  pi -p Independently verify that blocking review findings are resolved or explicitly re...  [model=default]  [timeout=900s]  [dir=/home/u1/catalyst]
01:48:00 [INFO] OK  done  [157.9s]  [output=/home/u1/catalyst/ai-campaign/state/runs/bound-the-gate-harness-bridge-subprocesses-with--798f6166/artifacts/design_gate-6a76b0dd/task-1-design-gate.md]
01:48:01 [INFO] WROTE /home/u1/catalyst/ai-campaign/state/runs/bound-the-gate-harness-bridge-subprocesses-with--798f6166/artifacts/design_gate-6a76b0dd/task-1-design-gate.md  (3303 bytes)
01:48:01 [INFO] 
01:48:01 [INFO] Stage 'design_gate' completed: 1/1 tasks succeeded
01:48:01 [INFO] GIT COMMIT: [pi-batch] Stage: design_gate - 1 tasks completed (files: 1)
01:48:01 [INFO] GATE PASSED at stage 'design_gate'
01:48:01 [INFO] 
01:48:01 [INFO] ============================================================
01:48:01 [INFO] STAGE: implement
01:48:01 [INFO] ============================================================
01:48:01 [INFO] -- [1/1] --
01:48:01 [INFO] >>  pi -p Read the repository's AGENTS.md and the approved evidence below. FIRST run the r...  [model=default]  [timeout=1800s]  [dir=/home/u1/catalyst]
02:18:01 [ERROR] TIMEOUT  [1800.1s]  [limit=1800s]
02:18:01 [INFO] 
02:18:01 [INFO] Stage 'implement' completed: 0/1 tasks succeeded
02:18:01 [ERROR] Pipeline halted: implement (stage failed)
02:18:01 [INFO] CAMPAIGN complete: 0 passed, 1 failed
