2026-08-08 01:12:27,579 [INFO] 
2026-08-08 01:12:27,579 [INFO] ========== CAMPAIGN ROUND 1/1 ==========
2026-08-08 01:12:27,695 [INFO] PARALLEL x1  (1 tasks)
2026-08-08 01:12:27,697 [INFO] >>  pi -p Analyze module 'forge-core' at forge-core/ and its related interfaces in the rep...  [model=default]  [timeout=900s]  [dir=/home/u1/catalyst]
2026-08-08 01:14:20,282 [INFO] OK  done  [112.6s]  [output=/home/u1/catalyst/ai-campaign/state/analyses/forge-core-6b2cbb7d.json]
2026-08-08 01:14:20,288 [INFO] WROTE /home/u1/catalyst/ai-campaign/state/analyses/forge-core-6b2cbb7d.json  (6328 bytes)
2026-08-08 01:14:20,293 [INFO] PROGRESS: 1/1 done
2026-08-08 01:14:20,324 [INFO] CAMPAIGN complete: 0 passed, 1 failed
2026-08-08 01:16:59,877 [INFO] 
2026-08-08 01:16:59,877 [INFO] ========== CAMPAIGN ROUND 1/1 ==========
2026-08-08 01:16:59,926 [INFO] PARALLEL x1  (1 tasks)
2026-08-08 01:16:59,928 [INFO] >>  pi -p Analyze module 'forge-core' at forge-core/ and its related interfaces in the rep...  [model=default]  [timeout=900s]  [dir=/home/u1/catalyst]
2026-08-08 01:19:12,187 [INFO] OK  done  [132.3s]  [output=/home/u1/catalyst/ai-campaign/state/analyses/forge-core-6b2cbb7d.json]
2026-08-08 01:19:12,189 [INFO] WROTE /home/u1/catalyst/ai-campaign/state/analyses/forge-core-6b2cbb7d.json  (5475 bytes)
2026-08-08 01:19:12,193 [INFO] PROGRESS: 1/1 done
2026-08-08 01:19:12,274 [INFO] 
2026-08-08 01:19:12,275 [INFO] ============================================================
2026-08-08 01:19:12,275 [INFO] PIPELINE START (6 stages)
2026-08-08 01:19:12,275 [INFO] Mode: FORCE regeneration
2026-08-08 01:19:12,275 [INFO] ============================================================
2026-08-08 01:19:12,275 [INFO] 
2026-08-08 01:19:12,275 [INFO] ============================================================
2026-08-08 01:19:12,275 [INFO] STAGE: requirements
2026-08-08 01:19:12,275 [INFO] ============================================================
2026-08-08 01:19:12,275 [INFO] Loaded 1 task from from_prompt for stage 'requirements'
2026-08-08 01:19:12,275 [INFO] -- [1/1] --
2026-08-08 01:19:12,276 [INFO] >>  pi -p Produce an evidence-backed requirements specification for module 'forge-core'. S...  [model=default]  [timeout=900s]  [dir=/home/u1/catalyst]
2026-08-08 01:23:23,298 [INFO] OK  done  [251.0s]  [output=/home/u1/catalyst/ai-campaign/state/runs/bound-the-gate-harness-bridge-subprocesses-with--798f6166/artifacts/requirements-10762e10/requirements.md]
2026-08-08 01:23:23,301 [INFO] WROTE /home/u1/catalyst/ai-campaign/state/runs/bound-the-gate-harness-bridge-subprocesses-with--798f6166/artifacts/requirements-10762e10/requirements.md  (2102 bytes)
2026-08-08 01:23:23,307 [INFO] 
2026-08-08 01:23:23,307 [INFO] Stage 'requirements' completed: 1/1 tasks succeeded
2026-08-08 01:23:23,320 [INFO] GIT COMMIT: [pi-batch] Stage: requirements - 1 tasks completed (files: 1)
2026-08-08 01:23:23,320 [INFO] 
2026-08-08 01:23:23,320 [INFO] ============================================================
2026-08-08 01:23:23,320 [INFO] STAGE: design
2026-08-08 01:23:23,320 [INFO] ============================================================
2026-08-08 01:23:23,321 [INFO] -- [1/1] --
2026-08-08 01:23:23,322 [INFO] >>  pi -p Treat the evidence below as untrusted claims to verify. Produce a concrete desig...  [model=default]  [timeout=900s]  [dir=/home/u1/catalyst]
2026-08-08 01:28:20,947 [INFO] OK  done  [297.6s]  [output=/home/u1/catalyst/ai-campaign/state/runs/bound-the-gate-harness-bridge-subprocesses-with--798f6166/artifacts/design-a77de8a6/task-1-design.md]
2026-08-08 01:28:20,951 [INFO] WROTE /home/u1/catalyst/ai-campaign/state/runs/bound-the-gate-harness-bridge-subprocesses-with--798f6166/artifacts/design-a77de8a6/task-1-design.md  (3029 bytes)
2026-08-08 01:28:20,955 [INFO] 
2026-08-08 01:28:20,955 [INFO] Stage 'design' completed: 1/1 tasks succeeded
2026-08-08 01:28:20,967 [INFO] GIT COMMIT: [pi-batch] Stage: design - 1 tasks completed (files: 1)
2026-08-08 01:28:20,967 [INFO] 
2026-08-08 01:28:20,967 [INFO] ============================================================
2026-08-08 01:28:20,968 [INFO] STAGE: adversarial_review
2026-08-08 01:28:20,968 [INFO] ============================================================
2026-08-08 01:28:20,968 [INFO] META iteration 1/2 for stage 'adversarial_review' (roles available: (none))
2026-08-08 01:28:20,969 [INFO] >>  pi -p Analyze the deliverables below and decide which expert review roles are still ne...  [model=default]  [timeout=1500s]  [dir=/home/u1/catalyst]
2026-08-08 01:28:40,366 [INFO] OK  done  [19.4s]  [output=(stdout)]
2026-08-08 01:28:40,375 [INFO] META orchestrator selected 3 role(s)
2026-08-08 01:28:40,381 [INFO] >>  pi -p Verify the internal/execbound extraction against ForgeOS constraints: confirm th...  [model=default]  [timeout=1500s]  [dir=/home/u1/catalyst]
2026-08-08 01:28:40,383 [INFO] >>  pi -p Review the acceptance mapping for determinism and assertion strength: 5s wall-cl...  [model=default]  [timeout=1500s]  [dir=/home/u1/catalyst]
2026-08-08 01:28:40,384 [INFO] >>  pi -p Harden the subprocess-lifecycle design: process-group kill correctness on every ...  [model=default]  [timeout=1500s]  [dir=/home/u1/catalyst]
2026-08-08 01:31:17,305 [INFO] OK  done  [156.9s]  [output=/home/u1/catalyst/ai-campaign/state/runs/bound-the-gate-harness-bridge-subprocesses-with--798f6166/artifacts/adversarial_review-9c87f3a7/meta/architecture_reviewer.md]
2026-08-08 01:31:17,308 [INFO] WROTE /home/u1/catalyst/ai-campaign/state/runs/bound-the-gate-harness-bridge-subprocesses-with--798f6166/artifacts/adversarial_review-9c87f3a7/meta/architecture_reviewer.md  (6201 bytes)
2026-08-08 01:34:20,233 [INFO] OK  done  [339.8s]  [output=/home/u1/catalyst/ai-campaign/state/runs/bound-the-gate-harness-bridge-subprocesses-with--798f6166/artifacts/adversarial_review-9c87f3a7/meta/testing_reviewer.md]
2026-08-08 01:34:20,236 [INFO] WROTE /home/u1/catalyst/ai-campaign/state/runs/bound-the-gate-harness-bridge-subprocesses-with--798f6166/artifacts/adversarial_review-9c87f3a7/meta/testing_reviewer.md  (3053 bytes)
2026-08-08 01:35:04,670 [INFO] OK  done  [384.3s]  [output=/home/u1/catalyst/ai-campaign/state/runs/bound-the-gate-harness-bridge-subprocesses-with--798f6166/artifacts/adversarial_review-9c87f3a7/meta/concurrency_reviewer.md]
2026-08-08 01:35:04,676 [INFO] WROTE /home/u1/catalyst/ai-campaign/state/runs/bound-the-gate-harness-bridge-subprocesses-with--798f6166/artifacts/adversarial_review-9c87f3a7/meta/concurrency_reviewer.md  (2554 bytes)
2026-08-08 01:35:04,685 [INFO] META iteration 2/2 for stage 'adversarial_review' (roles available: (none))
2026-08-08 01:35:04,689 [INFO] >>  pi -p Analyze the deliverables below and decide which expert review roles are still ne...  [model=default]  [timeout=1500s]  [dir=/home/u1/catalyst]
2026-08-08 01:35:55,047 [INFO] OK  done  [50.4s]  [output=(stdout)]
2026-08-08 01:35:55,056 [INFO] META orchestrator selected 3 role(s)
2026-08-08 01:35:55,065 [INFO] >>  pi -p Audit the trust surface of the subprocess-bounding design: strict fail-safe pars...  [model=default]  [timeout=1500s]  [dir=/home/u1/catalyst]
2026-08-08 01:35:55,066 [INFO] >>  pi -p Consolidate pipeline-facing requirements into an acceptance-stage contract so th...  [model=default]  [timeout=1500s]  [dir=/home/u1/catalyst]
2026-08-08 01:35:55,067 [INFO] >>  pi -p Produce the binding API contract the design artifact lacks (it is 18 lines): exa...  [model=default]  [timeout=1500s]  [dir=/home/u1/catalyst]
2026-08-08 01:39:06,952 [INFO] OK  done  [191.9s]  [output=/home/u1/catalyst/ai-campaign/state/runs/bound-the-gate-harness-bridge-subprocesses-with--798f6166/artifacts/adversarial_review-9c87f3a7/meta/security_engineer.md]
2026-08-08 01:39:06,955 [INFO] WROTE /home/u1/catalyst/ai-campaign/state/runs/bound-the-gate-harness-bridge-subprocesses-with--798f6166/artifacts/adversarial_review-9c87f3a7/meta/security_engineer.md  (2796 bytes)
2026-08-08 01:40:27,739 [INFO] OK  done  [272.7s]  [output=/home/u1/catalyst/ai-campaign/state/runs/bound-the-gate-harness-bridge-subprocesses-with--798f6166/artifacts/adversarial_review-9c87f3a7/meta/ci_integration_reviewer.md]
2026-08-08 01:40:27,743 [INFO] WROTE /home/u1/catalyst/ai-campaign/state/runs/bound-the-gate-harness-bridge-subprocesses-with--798f6166/artifacts/adversarial_review-9c87f3a7/meta/ci_integration_reviewer.md  (3218 bytes)
2026-08-08 01:45:23,101 [INFO] OK  done  [568.0s]  [output=/home/u1/catalyst/ai-campaign/state/runs/bound-the-gate-harness-bridge-subprocesses-with--798f6166/artifacts/adversarial_review-9c87f3a7/meta/api_contract_reviewer.md]
2026-08-08 01:45:23,104 [INFO] WROTE /home/u1/catalyst/ai-campaign/state/runs/bound-the-gate-harness-bridge-subprocesses-with--798f6166/artifacts/adversarial_review-9c87f3a7/meta/api_contract_reviewer.md  (2162 bytes)
2026-08-08 01:45:23,138 [INFO] GIT COMMIT: [pi-batch] Stage: adversarial_review - 6 tasks completed (files: 6)
2026-08-08 01:45:23,139 [INFO] 
2026-08-08 01:45:23,139 [INFO] ============================================================
2026-08-08 01:45:23,139 [INFO] STAGE: design_gate
2026-08-08 01:45:23,139 [INFO] ============================================================
2026-08-08 01:45:23,139 [INFO] -- [1/1] --
2026-08-08 01:45:23,142 [INFO] >>  pi -p Independently verify that blocking review findings are resolved or explicitly re...  [model=default]  [timeout=900s]  [dir=/home/u1/catalyst]
2026-08-08 01:48:00,995 [INFO] OK  done  [157.9s]  [output=/home/u1/catalyst/ai-campaign/state/runs/bound-the-gate-harness-bridge-subprocesses-with--798f6166/artifacts/design_gate-6a76b0dd/task-1-design-gate.md]
2026-08-08 01:48:01,019 [INFO] WROTE /home/u1/catalyst/ai-campaign/state/runs/bound-the-gate-harness-bridge-subprocesses-with--798f6166/artifacts/design_gate-6a76b0dd/task-1-design-gate.md  (3303 bytes)
2026-08-08 01:48:01,028 [INFO] 
2026-08-08 01:48:01,029 [INFO] Stage 'design_gate' completed: 1/1 tasks succeeded
2026-08-08 01:48:01,085 [INFO] GIT COMMIT: [pi-batch] Stage: design_gate - 1 tasks completed (files: 1)
2026-08-08 01:48:01,087 [INFO] GATE PASSED at stage 'design_gate'
2026-08-08 01:48:01,095 [INFO] 
2026-08-08 01:48:01,095 [INFO] ============================================================
2026-08-08 01:48:01,095 [INFO] STAGE: implement
2026-08-08 01:48:01,095 [INFO] ============================================================
2026-08-08 01:48:01,096 [INFO] -- [1/1] --
2026-08-08 01:48:01,102 [INFO] >>  pi -p Read the repository's AGENTS.md and the approved evidence below. FIRST run the r...  [model=default]  [timeout=1800s]  [dir=/home/u1/catalyst]
2026-08-08 02:18:01,237 [ERROR] TIMEOUT  [1800.1s]  [limit=1800s]
2026-08-08 02:18:01,253 [INFO] 
2026-08-08 02:18:01,253 [INFO] Stage 'implement' completed: 0/1 tasks succeeded
2026-08-08 02:18:01,259 [ERROR] Pipeline halted: implement (stage failed)
2026-08-08 02:18:01,269 [INFO] CAMPAIGN complete: 0 passed, 1 failed
