07:05:06 [INFO] 
07:05:06 [INFO] ========== CAMPAIGN ROUND 1/1 ==========
07:05:07 [INFO] PARALLEL x1  (1 tasks)
07:05:07 [INFO] >>  pi -p Analyze module 'forge-runtime' at forge-runtime/ and its related interfaces in t...  [model=default]  [timeout=900s]  [dir=/home/u1/catalyst]
07:20:07 [ERROR] TIMEOUT  [900.2s]  [limit=900s]
07:20:07 [INFO] PROGRESS: 1/1 done
07:20:17 [INFO] PARALLEL x1  (1 tasks)
07:20:17 [INFO] >>  pi -p Analyze module 'forge-runtime' at forge-runtime/ and its related interfaces in t...  [model=default]  [timeout=900s]  [dir=/home/u1/catalyst]
07:22:43 [INFO] OK  done  [146.1s]  [output=/home/u1/catalyst/ai-campaign/state/analyses/forge-runtime-2e905aa3.json]
07:22:43 [INFO] WROTE /home/u1/catalyst/ai-campaign/state/analyses/forge-runtime-2e905aa3.json  (5449 bytes)
07:22:43 [INFO] PROGRESS: 1/1 done
07:22:43 [INFO] 
07:22:43 [INFO] ============================================================
07:22:43 [INFO] PIPELINE START (6 stages)
07:22:43 [INFO] Mode: FORCE regeneration
07:22:43 [INFO] ============================================================
07:22:43 [INFO] 
07:22:43 [INFO] ============================================================
07:22:43 [INFO] STAGE: requirements
07:22:43 [INFO] ============================================================
07:22:43 [INFO] Loaded 1 task from from_prompt for stage 'requirements'
07:22:43 [INFO] -- [1/1] --
07:22:44 [INFO] >>  pi -p Produce an evidence-backed requirements specification for module 'forge-runtime'...  [model=default]  [timeout=900s]  [dir=/home/u1/catalyst]
07:29:36 [INFO] OK  done  [412.2s]  [output=/home/u1/catalyst/ai-campaign/state/runs/effect-free-adjudication-command-for-hard-crash--65f1a8e7/artifacts/requirements-10762e10/requirements.md]
07:29:36 [INFO] WROTE /home/u1/catalyst/ai-campaign/state/runs/effect-free-adjudication-command-for-hard-crash--65f1a8e7/artifacts/requirements-10762e10/requirements.md  (2635 bytes)
07:29:36 [INFO] 
07:29:36 [INFO] Stage 'requirements' completed: 1/1 tasks succeeded
07:29:36 [INFO] GIT COMMIT: [pi-batch] Stage: requirements - 1 tasks completed (files: 1)
07:29:36 [INFO] 
07:29:36 [INFO] ============================================================
07:29:36 [INFO] STAGE: design
07:29:36 [INFO] ============================================================
07:29:36 [INFO] -- [1/1] --
07:29:36 [INFO] >>  pi -p Treat the evidence below as untrusted claims to verify. Produce a concrete desig...  [model=default]  [timeout=900s]  [dir=/home/u1/catalyst]
07:38:19 [INFO] OK  done  [523.2s]  [output=/home/u1/catalyst/ai-campaign/state/runs/effect-free-adjudication-command-for-hard-crash--65f1a8e7/artifacts/design-a77de8a6/task-1-design.md]
07:38:19 [INFO] WROTE /home/u1/catalyst/ai-campaign/state/runs/effect-free-adjudication-command-for-hard-crash--65f1a8e7/artifacts/design-a77de8a6/task-1-design.md  (2680 bytes)
07:38:19 [INFO] 
07:38:19 [INFO] Stage 'design' completed: 1/1 tasks succeeded
07:38:19 [INFO] GIT COMMIT: [pi-batch] Stage: design - 1 tasks completed (files: 1)
07:38:19 [INFO] 
07:38:19 [INFO] ============================================================
07:38:19 [INFO] STAGE: adversarial_review
07:38:19 [INFO] ============================================================
07:38:19 [INFO] META iteration 1/2 for stage 'adversarial_review' (roles available: (none))
07:38:19 [INFO] >>  pi -p Analyze the deliverables below and decide which expert review roles are still ne...  [model=default]  [timeout=1500s]  [dir=/home/u1/catalyst]
07:38:37 [INFO] OK  done  [18.3s]  [output=(stdout)]
07:38:37 [INFO] META orchestrator selected 3 role(s)
07:38:37 [INFO] >>  pi -p Audit the new `dispatch adjudicate` command surface: TOCTOU between --core-bin-s...  [model=default]  [timeout=1500s]  [dir=/home/u1/catalyst]
07:38:37 [INFO] >>  pi -p Verify the adjudicate design's cross-language invariants against the codebase: t...  [model=default]  [timeout=1500s]  [dir=/home/u1/catalyst]
07:38:37 [INFO] >>  pi -p Review the SQLite transaction semantics of the terminalize CAS (BEGIN IMMEDIATE,...  [model=default]  [timeout=1500s]  [dir=/home/u1/catalyst]
07:43:25 [INFO] OK  done  [287.2s]  [output=/home/u1/catalyst/ai-campaign/state/runs/effect-free-adjudication-command-for-hard-crash--65f1a8e7/artifacts/adversarial_review-9c87f3a7/meta/protocol_reviewer.md]
07:43:25 [INFO] WROTE /home/u1/catalyst/ai-campaign/state/runs/effect-free-adjudication-command-for-hard-crash--65f1a8e7/artifacts/adversarial_review-9c87f3a7/meta/protocol_reviewer.md  (3901 bytes)
07:45:10 [INFO] OK  done  [392.8s]  [output=/home/u1/catalyst/ai-campaign/state/runs/effect-free-adjudication-command-for-hard-crash--65f1a8e7/artifacts/adversarial_review-9c87f3a7/meta/db_transaction_reviewer.md]
07:45:10 [INFO] WROTE /home/u1/catalyst/ai-campaign/state/runs/effect-free-adjudication-command-for-hard-crash--65f1a8e7/artifacts/adversarial_review-9c87f3a7/meta/db_transaction_reviewer.md  (11389 bytes)
07:46:37 [INFO] OK  done  [479.9s]  [output=/home/u1/catalyst/ai-campaign/state/runs/effect-free-adjudication-command-for-hard-crash--65f1a8e7/artifacts/adversarial_review-9c87f3a7/meta/security_reviewer.md]
07:46:37 [INFO] WROTE /home/u1/catalyst/ai-campaign/state/runs/effect-free-adjudication-command-for-hard-crash--65f1a8e7/artifacts/adversarial_review-9c87f3a7/meta/security_reviewer.md  (3245 bytes)
07:46:37 [INFO] META iteration 2/2 for stage 'adversarial_review' (roles available: (none))
07:46:37 [INFO] >>  pi -p Analyze the deliverables below and decide which expert review roles are still ne...  [model=default]  [timeout=1500s]  [dir=/home/u1/catalyst]
07:47:11 [INFO] OK  done  [33.4s]  [output=(stdout)]
07:47:11 [INFO] META orchestrator selected 2 role(s)
07:47:11 [INFO] >>  pi -p Audit the design's acceptance mapping (A1-A4 -> 6 named tests, derived R1-R9) fo...  [model=default]  [timeout=1500s]  [dir=/home/u1/catalyst]
07:47:11 [INFO] >>  pi -p Verify artifacts/design-a77de8a6/task-1-design.md incorporates every finding fro...  [model=default]  [timeout=1500s]  [dir=/home/u1/catalyst]
07:50:42 [INFO] OK  done  [210.8s]  [output=/home/u1/catalyst/ai-campaign/state/runs/effect-free-adjudication-command-for-hard-crash--65f1a8e7/artifacts/adversarial_review-9c87f3a7/meta/design_gate_reviewer.md]
07:50:42 [INFO] WROTE /home/u1/catalyst/ai-campaign/state/runs/effect-free-adjudication-command-for-hard-crash--65f1a8e7/artifacts/adversarial_review-9c87f3a7/meta/design_gate_reviewer.md  (3702 bytes)
07:55:10 [INFO] OK  done  [479.6s]  [output=/home/u1/catalyst/ai-campaign/state/runs/effect-free-adjudication-command-for-hard-crash--65f1a8e7/artifacts/adversarial_review-9c87f3a7/meta/test_plan_reviewer.md]
07:55:10 [INFO] WROTE /home/u1/catalyst/ai-campaign/state/runs/effect-free-adjudication-command-for-hard-crash--65f1a8e7/artifacts/adversarial_review-9c87f3a7/meta/test_plan_reviewer.md  (3354 bytes)
07:55:10 [INFO] GIT COMMIT: [pi-batch] Stage: adversarial_review - 5 tasks completed (files: 5)
07:55:10 [INFO] 
07:55:10 [INFO] ============================================================
07:55:10 [INFO] STAGE: design_gate
07:55:10 [INFO] ============================================================
07:55:10 [INFO] -- [1/1] --
07:55:10 [INFO] >>  pi -p Independently verify that blocking review findings are resolved or explicitly re...  [model=default]  [timeout=900s]  [dir=/home/u1/catalyst]
07:58:07 [INFO] OK  done  [176.4s]  [output=/home/u1/catalyst/ai-campaign/state/runs/effect-free-adjudication-command-for-hard-crash--65f1a8e7/artifacts/design_gate-6a76b0dd/task-1-design-gate.md]
07:58:07 [INFO] WROTE /home/u1/catalyst/ai-campaign/state/runs/effect-free-adjudication-command-for-hard-crash--65f1a8e7/artifacts/design_gate-6a76b0dd/task-1-design-gate.md  (4531 bytes)
07:58:07 [INFO] 
07:58:07 [INFO] Stage 'design_gate' completed: 1/1 tasks succeeded
07:58:07 [INFO] GIT COMMIT: [pi-batch] Stage: design_gate - 1 tasks completed (files: 1)
07:58:07 [INFO] GATE PASSED at stage 'design_gate'
07:58:07 [INFO] 
07:58:07 [INFO] ============================================================
07:58:07 [INFO] STAGE: implement
07:58:07 [INFO] ============================================================
07:58:07 [INFO] -- [1/1] --
07:58:07 [INFO] >>  pi -p Read the repository's AGENTS.md and the approved evidence below. FIRST run the r...  [model=default]  [timeout=3600s]  [dir=/home/u1/catalyst]
